2025-11-18 14:54:27,894 INFO Приложение запущено
2025-11-18 14:54:27,911 INFO Ответ пользователя принят: Классическая литература
2025-11-18 14:54:27,912 INFO Приложение запущено
2025-11-18 14:54:27,925 INFO Приложение запущено
2025-11-18 14:54:27,937 INFO Приложение запущено
2025-11-18 14:54:27,942 INFO Ответ пользователя принят: НЕИЗВЕСТНЫЙ_ОТВЕТ
2025-11-18 14:57:50,073 INFO Приложение запущено
2025-11-18 14:58:52,469 INFO Приложение запущено
2025-11-18 15:03:16,023 INFO Приложение запущено
2025-11-18 15:05:27,511 INFO Приложение запущено
2025-11-18 15:05:41,083 INFO L1: выбран ответ: Философская (q=0)
2025-11-18 15:05:44,263 INFO L1: выбран ответ: Современность (q=1)
2025-11-18 15:05:50,086 INFO L1: выбран ответ: Классическая литература (q=2)
2025-11-18 15:05:52,388 INFO L1: выбран ответ: Высокая (q=3)
2025-11-18 15:05:53,465 INFO L1: выбран ответ: Медленный (q=4)
2025-11-18 15:05:54,464 INFO L1: выбран ответ: Эмоции (q=5)
2025-11-18 15:05:56,743 INFO L1: выбран ответ: Максимально реалистично (q=6)
2025-11-18 15:06:00,306 INFO L2: выбран ответ: Антигерой (q=0)
2025-11-18 15:06:05,750 INFO L2: выбран ответ: Размеренный (q=1)
2025-11-18 15:06:11,551 INFO L2: выбран ответ: Реалистичные (q=2)
2025-11-18 15:06:17,867 INFO L2: выбран ответ: Сатирическая (q=3)
2025-11-18 15:06:25,612 INFO L2: выбран ответ: Высокий (q=4)
2025-11-18 15:06:28,500 INFO L2: выбран ответ: Мир (q=5)
2025-11-18 15:06:33,267 INFO L2: выбран ответ: Серьезный (q=6)
2025-11-18 15:06:38,921 INFO L3: выбран ответ: Закрытый (q=0)
2025-11-18 15:15:44,478 INFO Модель инициализирована
2025-11-18 15:15:48,146 INFO L1: выбран ответ: Романтическая (q=0)
2025-11-18 15:15:49,872 INFO L1: выбран ответ: Исторический (q=1)
2025-11-18 15:15:51,638 INFO L1: выбран ответ: Современная фантастика (q=2)
2025-11-18 15:15:58,638 INFO L1: выбран ответ: Средняя (q=3)
2025-11-18 15:15:59,931 INFO L1: выбран ответ: Умеренный (q=4)
2025-11-18 15:16:00,860 INFO L1: выбран ответ: Эмоции (q=5)
2025-11-18 15:16:01,852 INFO L1: выбран ответ: Полный эскапизм (q=6)
2025-11-18 15:16:02,458 INFO L2: выбран ответ: Традиционный герой (q=0)
2025-11-18 15:16:03,679 INFO L2: выбран ответ: Размеренный (q=1)
2025-11-18 15:16:07,012 INFO L2: выбран ответ: Магические (q=2)
2025-11-18 15:16:08,525 INFO L2: выбран ответ: Сатирическая (q=3)
2025-11-18 15:16:09,360 INFO L2: выбран ответ: Низкий (q=4)
2025-11-18 15:16:10,126 INFO L2: выбран ответ: Мир (q=5)
2025-11-18 15:16:10,870 INFO L2: выбран ответ: Лиричный (q=6)
2025-11-18 15:16:11,680 INFO L3: выбран ответ: Неоднозначный (q=0)
2025-11-18 15:16:12,455 INFO L3: выбран ответ: Не важна (q=1)
2025-11-18 15:16:13,279 INFO L3: выбран ответ: Разный (q=2)
2025-11-18 15:16:14,354 INFO L3: выбран ответ: Идеи (q=3)
2025-11-18 15:16:16,572 INFO L3: выбран ответ: Объёмная (q=4)
2025-11-18 15:16:18,079 INFO L3: выбран ответ: Не люблю (q=5)
2025-11-18 15:16:18,938 INFO L3: выбран ответ: Не принципиально (q=6)
2025-11-18 15:25:28,474 INFO Модель инициализирована
2025-11-18 15:26:05,563 INFO L1: выбран ответ: Приключенческая (q=0)
2025-11-18 15:26:29,116 INFO L1: выбран ответ: Современность (q=1)
2025-11-18 15:27:09,008 INFO L1: выбран ответ: Социальные темы (q=2)
2025-11-18 15:27:16,240 INFO L1: выбран ответ: Средняя (q=3)
2025-11-18 15:27:21,899 INFO L1: выбран ответ: Динамичный (q=4)
2025-11-18 15:28:23,978 INFO L1: выбран ответ: Идеи (q=5)
2025-11-18 15:28:37,001 INFO L1: выбран ответ: Максимально реалистично (q=6)
2025-11-18 15:29:10,467 INFO L2: выбран ответ: Традиционный герой (q=0)
2025-11-18 15:29:19,760 INFO L2: выбран ответ: Динамичный (q=1)
2025-11-18 15:29:26,994 INFO L2: выбран ответ: Реалистичные (q=2)
2025-11-18 15:30:05,131 INFO L2: выбран ответ: Темная (q=3)
2025-11-18 15:30:09,589 INFO L2: выбран ответ: Высокий (q=4)
2025-11-18 15:30:16,757 INFO L2: выбран ответ: Мир (q=5)
2025-11-18 15:31:08,441 INFO L2: выбран ответ: Серьезный (q=6)
2025-11-18 15:31:41,988 INFO L3: выбран ответ: Закрытый (q=0)
2025-11-18 15:31:49,197 INFO L3: выбран ответ: Критически важна (q=1)
2025-11-18 15:31:55,825 INFO L3: выбран ответ: Взрослые (q=2)
2025-11-18 15:32:35,627 INFO L3: выбран ответ: Миростроение (q=3)
2025-11-18 15:33:12,769 INFO L3: выбран ответ: Объёмная (q=4)
2025-11-18 15:33:17,398 INFO L3: выбран ответ: Люблю (q=5)
2025-11-18 15:33:24,537 INFO L3: выбран ответ: Очень важна (q=6)
2025-11-18 15:43:21,403 INFO Модель инициализирована
2025-11-18 15:43:44,518 INFO L1: выбран ответ: Философская (q=0)
2025-11-18 15:45:16,071 INFO L1: выбран ответ: Футуристический (q=1)
2025-11-18 15:45:53,226 INFO L1: выбран ответ: Классическая литература (q=2)
2025-11-18 15:45:56,807 INFO L1: выбран ответ: Не важно (q=3)
2025-11-18 15:46:06,815 INFO L1: выбран ответ: Неравномерный (q=4)
2025-11-18 15:46:15,115 INFO L1: выбран ответ: Идеи (q=5)
2025-11-18 15:46:26,151 INFO L1: выбран ответ: Документальность (q=6)
2025-11-18 15:46:49,435 INFO L2: выбран ответ: Обычный человек (q=0)
2025-11-18 15:46:53,532 INFO L2: выбран ответ: Динамичный (q=1)
2025-11-18 15:47:00,091 INFO L2: выбран ответ: Антиутопические (q=2)
2025-11-18 15:47:07,058 INFO L2: выбран ответ: Мрачная (q=3)
2025-11-18 15:47:12,930 INFO L2: выбран ответ: Очень высокий (q=4)
2025-11-18 15:47:20,593 INFO L2: выбран ответ: Персонаж (q=5)
2025-11-18 15:47:21,773 INFO L2: выбран ответ: Серьёзный (q=6)
2025-11-18 15:47:29,396 INFO L3: выбран ответ: Счастливый (q=0)
2025-11-18 15:47:31,325 INFO L3: выбран ответ: Критически важна (q=1)
2025-11-18 15:47:33,007 INFO L3: выбран ответ: Подростки (q=2)
2025-11-18 15:47:34,971 INFO L3: выбран ответ: Миростроение (q=3)
2025-11-18 15:47:37,618 INFO L3: выбран ответ: До 200 стр. (q=4)
2025-11-18 15:47:39,552 INFO L3: выбран ответ: Нейтрально (q=5)
2025-11-18 15:47:41,135 INFO L3: выбран ответ: Желательна (q=6)
2025-11-18 15:53:30,215 INFO Пользователь выбрал книгу (двойной клик): 1984
2025-11-18 15:53:47,702 INFO Модель инициализирована
2025-11-18 15:53:54,076 INFO L1: выбран ответ: Мрачная (q=0)
2025-11-18 15:54:04,830 INFO L1: выбран ответ: Футуристический (q=1)
2025-11-18 15:54:26,421 INFO L1: выбран ответ: Детективная литература (q=2)
2025-11-18 15:54:26,423 INFO Синтезировано P(answer|subgenre) из жанров для ответа: Детективная литература
2025-11-18 15:54:26,424 INFO Синтезировано P(answer|book) из жанров/поджанров для ответа: Детективная литература
2025-11-18 15:54:28,882 INFO L1: выбран ответ: Низкая (q=3)
2025-11-18 15:54:28,883 INFO Синтезировано P(answer|subgenre) из жанров для ответа: Детективная литература
2025-11-18 15:54:28,885 INFO Синтезировано P(answer|book) из жанров/поджанров для ответа: Детективная литература
2025-11-18 15:54:28,886 INFO Синтезировано P(answer|subgenre) из жанров для ответа: Низкая
2025-11-18 15:54:28,888 INFO Синтезировано P(answer|book) из жанров/поджанров для ответа: Низкая
2025-11-18 15:54:32,359 INFO L1: выбран ответ: Динамичный (q=4)
2025-11-18 15:54:32,361 INFO Синтезировано P(answer|subgenre) из жанров для ответа: Детективная литература
2025-11-18 15:54:32,362 INFO Синтезировано P(answer|book) из жанров/поджанров для ответа: Детективная литература
2025-11-18 15:54:32,364 INFO Синтезировано P(answer|subgenre) из жанров для ответа: Низкая
2025-11-18 15:54:32,365 INFO Синтезировано P(answer|book) из жанров/поджанров для ответа: Низкая
2025-11-18 15:54:36,236 INFO L1: выбран ответ: Эмоции (q=5)
2025-11-18 15:54:36,238 INFO Синтезировано P(answer|subgenre) из жанров для ответа: Детективная литература
2025-11-18 15:54:36,239 INFO Синтезировано P(answer|book) из жанров/поджанров для ответа: Детективная литература
2025-11-18 15:54:36,241 INFO Синтезировано P(answer|subgenre) из жанров для ответа: Низкая
2025-11-18 15:54:36,242 INFO Синтезировано P(answer|book) из жанров/поджанров для ответа: Низкая
2025-11-18 15:54:42,209 INFO L1: выбран ответ: Полный эскапизм (q=6)
2025-11-18 15:54:42,211 INFO Синтезировано P(answer|subgenre) из жанров для ответа: Детективная литература
2025-11-18 15:54:42,212 INFO Синтезировано P(answer|book) из жанров/поджанров для ответа: Детективная литература
2025-11-18 15:54:42,215 INFO Синтезировано P(answer|subgenre) из жанров для ответа: Низкая
2025-11-18 15:54:42,216 INFO Синтезировано P(answer|book) из жанров/поджанров для ответа: Низкая
2025-11-18 15:54:49,708 INFO L2: выбран ответ: Циничный сыщик (q=0)
2025-11-18 15:54:49,710 INFO Синтезировано P(answer|subgenre) из жанров для ответа: Детективная литература
2025-11-18 15:54:49,711 INFO Синтезировано P(answer|book) из жанров/поджанров для ответа: Детективная литература
2025-11-18 15:54:49,713 INFO Синтезировано P(answer|subgenre) из жанров для ответа: Низкая
2025-11-18 15:54:49,714 INFO Синтезировано P(answer|book) из жанров/поджанров для ответа: Низкая
2025-11-18 15:55:14,060 INFO L2: выбран ответ: Поступательный (q=1)
2025-11-18 15:55:14,062 INFO Синтезировано P(answer|subgenre) из жанров для ответа: Детективная литература
2025-11-18 15:55:14,063 INFO Синтезировано P(answer|book) из жанров/поджанров для ответа: Детективная литература
2025-11-18 15:55:14,065 INFO Синтезировано P(answer|subgenre) из жанров для ответа: Низкая
2025-11-18 15:55:14,066 INFO Синтезировано P(answer|book) из жанров/поджанров для ответа: Низкая
2025-11-18 15:55:16,968 INFO L2: выбран ответ: Антиутопические (q=2)
2025-11-18 15:55:16,969 INFO Синтезировано P(answer|subgenre) из жанров для ответа: Детективная литература
2025-11-18 15:55:16,970 INFO Синтезировано P(answer|book) из жанров/поджанров для ответа: Детективная литература
2025-11-18 15:55:16,972 INFO Синтезировано P(answer|subgenre) из жанров для ответа: Низкая
2025-11-18 15:55:16,973 INFO Синтезировано P(answer|book) из жанров/поджанров для ответа: Низкая
2025-11-18 15:55:16,976 INFO Синтезировано P(answer|subgenre) из жанров для ответа: Антиутопические
2025-11-18 15:55:16,977 INFO Синтезировано P(answer|book) из жанров/поджанров для ответа: Антиутопические
2025-11-18 15:55:19,881 INFO L2: выбран ответ: Сатирическая (q=3)
2025-11-18 15:55:19,882 INFO Синтезировано P(answer|subgenre) из жанров для ответа: Детективная литература
2025-11-18 15:55:19,884 INFO Синтезировано P(answer|book) из жанров/поджанров для ответа: Детективная литература
2025-11-18 15:55:19,885 INFO Синтезировано P(answer|subgenre) из жанров для ответа: Низкая
2025-11-18 15:55:19,886 INFO Синтезировано P(answer|book) из жанров/поджанров для ответа: Низкая
2025-11-18 15:55:19,889 INFO Синтезировано P(answer|subgenre) из жанров для ответа: Антиутопические
2025-11-18 15:55:19,890 INFO Синтезировано P(answer|book) из жанров/поджанров для ответа: Антиутопические
2025-11-18 15:55:19,892 INFO Синтезировано P(answer|book) из жанров/поджанров для ответа: Сатирическая
2025-11-18 15:55:21,949 INFO L2: выбран ответ: Средний (q=4)
2025-11-18 15:55:21,950 INFO Синтезировано P(answer|subgenre) из жанров для ответа: Детективная литература
2025-11-18 15:55:21,951 INFO Синтезировано P(answer|book) из жанров/поджанров для ответа: Детективная литература
2025-11-18 15:55:21,953 INFO Синтезировано P(answer|subgenre) из жанров для ответа: Низкая
2025-11-18 15:55:21,954 INFO Синтезировано P(answer|book) из жанров/поджанров для ответа: Низкая
2025-11-18 15:55:21,957 INFO Синтезировано P(answer|subgenre) из жанров для ответа: Антиутопические
2025-11-18 15:55:21,958 INFO Синтезировано P(answer|book) из жанров/поджанров для ответа: Антиутопические
2025-11-18 15:55:21,959 INFO Синтезировано P(answer|book) из жанров/поджанров для ответа: Сатирическая
2025-11-18 15:55:26,680 INFO L2: выбран ответ: Персонаж (q=5)
2025-11-18 15:55:26,681 INFO Синтезировано P(answer|subgenre) из жанров для ответа: Детективная литература
2025-11-18 15:55:26,683 INFO Синтезировано P(answer|book) из жанров/поджанров для ответа: Детективная литература
2025-11-18 15:55:26,684 INFO Синтезировано P(answer|subgenre) из жанров для ответа: Низкая
2025-11-18 15:55:26,686 INFO Синтезировано P(answer|book) из жанров/поджанров для ответа: Низкая
2025-11-18 15:55:26,689 INFO Синтезировано P(answer|subgenre) из жанров для ответа: Антиутопические
2025-11-18 15:55:26,690 INFO Синтезировано P(answer|book) из жанров/поджанров для ответа: Антиутопические
2025-11-18 15:55:26,691 INFO Синтезировано P(answer|book) из жанров/поджанров для ответа: Сатирическая
2025-11-18 15:55:31,956 INFO L2: выбран ответ: Документальный (q=6)
2025-11-18 15:55:31,958 INFO Синтезировано P(answer|subgenre) из жанров для ответа: Детективная литература
2025-11-18 15:55:31,959 INFO Синтезировано P(answer|book) из жанров/поджанров для ответа: Детективная литература
2025-11-18 15:55:31,961 INFO Синтезировано P(answer|subgenre) из жанров для ответа: Низкая
2025-11-18 15:55:31,963 INFO Синтезировано P(answer|book) из жанров/поджанров для ответа: Низкая
2025-11-18 15:55:31,966 INFO Синтезировано P(answer|subgenre) из жанров для ответа: Антиутопические
2025-11-18 15:55:31,967 INFO Синтезировано P(answer|book) из жанров/поджанров для ответа: Антиутопические
2025-11-18 15:55:31,969 INFO Синтезировано P(answer|book) из жанров/поджанров для ответа: Сатирическая
2025-11-18 15:55:43,032 INFO L3: выбран ответ: Неоднозначный (q=0)
2025-11-18 15:55:43,034 INFO Синтезировано P(answer|subgenre) из жанров для ответа: Детективная литература
2025-11-18 15:55:43,035 INFO Синтезировано P(answer|book) из жанров/поджанров для ответа: Детективная литература
2025-11-18 15:55:43,038 INFO Синтезировано P(answer|subgenre) из жанров для ответа: Низкая
2025-11-18 15:55:43,039 INFO Синтезировано P(answer|book) из жанров/поджанров для ответа: Низкая
2025-11-18 15:55:43,043 INFO Синтезировано P(answer|subgenre) из жанров для ответа: Антиутопические
2025-11-18 15:55:43,044 INFO Синтезировано P(answer|book) из жанров/поджанров для ответа: Антиутопические
2025-11-18 15:55:43,046 INFO Синтезировано P(answer|book) из жанров/поджанров для ответа: Сатирическая
2025-11-18 15:55:48,641 INFO L3: выбран ответ: Важнее динамика (q=1)
2025-11-18 15:55:48,642 INFO Синтезировано P(answer|subgenre) из жанров для ответа: Детективная литература
2025-11-18 15:55:48,644 INFO Синтезировано P(answer|book) из жанров/поджанров для ответа: Детективная литература
2025-11-18 15:55:48,646 INFO Синтезировано P(answer|subgenre) из жанров для ответа: Низкая
2025-11-18 15:55:48,647 INFO Синтезировано P(answer|book) из жанров/поджанров для ответа: Низкая
2025-11-18 15:55:48,650 INFO Синтезировано P(answer|subgenre) из жанров для ответа: Антиутопические
2025-11-18 15:55:48,651 INFO Синтезировано P(answer|book) из жанров/поджанров для ответа: Антиутопические
2025-11-18 15:55:48,653 INFO Синтезировано P(answer|book) из жанров/поджанров для ответа: Сатирическая
2025-11-18 15:55:53,827 INFO L3: выбран ответ: Молодые взрослые (q=2)
2025-11-18 15:55:53,828 INFO Синтезировано P(answer|subgenre) из жанров для ответа: Детективная литература
2025-11-18 15:55:53,829 INFO Синтезировано P(answer|book) из жанров/поджанров для ответа: Детективная литература
2025-11-18 15:55:53,831 INFO Синтезировано P(answer|subgenre) из жанров для ответа: Низкая
2025-11-18 15:55:53,832 INFO Синтезировано P(answer|book) из жанров/поджанров для ответа: Низкая
2025-11-18 15:55:53,835 INFO Синтезировано P(answer|subgenre) из жанров для ответа: Антиутопические
2025-11-18 15:55:53,836 INFO Синтезировано P(answer|book) из жанров/поджанров для ответа: Антиутопические
2025-11-18 15:55:53,838 INFO Синтезировано P(answer|book) из жанров/поджанров для ответа: Сатирическая
2025-11-18 15:55:57,206 INFO L3: выбран ответ: Персонажи (q=3)
2025-11-18 15:55:57,207 INFO Синтезировано P(answer|subgenre) из жанров для ответа: Детективная литература
2025-11-18 15:55:57,208 INFO Синтезировано P(answer|book) из жанров/поджанров для ответа: Детективная литература
2025-11-18 15:55:57,210 INFO Синтезировано P(answer|subgenre) из жанров для ответа: Низкая
2025-11-18 15:55:57,211 INFO Синтезировано P(answer|book) из жанров/поджанров для ответа: Низкая
2025-11-18 15:55:57,214 INFO Синтезировано P(answer|subgenre) из жанров для ответа: Антиутопические
2025-11-18 15:55:57,215 INFO Синтезировано P(answer|book) из жанров/поджанров для ответа: Антиутопические
2025-11-18 15:55:57,217 INFO Синтезировано P(answer|book) из жанров/поджанров для ответа: Сатирическая
2025-11-18 15:55:59,800 INFO L3: выбран ответ: 700+ стр. (q=4)
2025-11-18 15:55:59,801 INFO Синтезировано P(answer|subgenre) из жанров для ответа: Детективная литература
2025-11-18 15:55:59,803 INFO Синтезировано P(answer|book) из жанров/поджанров для ответа: Детективная литература
2025-11-18 15:55:59,804 INFO Синтезировано P(answer|subgenre) из жанров для ответа: Низкая
2025-11-18 15:55:59,805 INFO Синтезировано P(answer|book) из жанров/поджанров для ответа: Низкая
2025-11-18 15:55:59,808 INFO Синтезировано P(answer|subgenre) из жанров для ответа: Антиутопические
2025-11-18 15:55:59,810 INFO Синтезировано P(answer|book) из жанров/поджанров для ответа: Антиутопические
2025-11-18 15:55:59,811 INFO Синтезировано P(answer|book) из жанров/поджанров для ответа: Сатирическая
2025-11-18 15:56:02,465 INFO L3: выбран ответ: Только ирония (q=5)
2025-11-18 15:56:02,466 INFO Синтезировано P(answer|subgenre) из жанров для ответа: Детективная литература
2025-11-18 15:56:02,467 INFO Синтезировано P(answer|book) из жанров/поджанров для ответа: Детективная литература
2025-11-18 15:56:02,469 INFO Синтезировано P(answer|subgenre) из жанров для ответа: Низкая
2025-11-18 15:56:02,470 INFO Синтезировано P(answer|book) из жанров/поджанров для ответа: Низкая
2025-11-18 15:56:02,473 INFO Синтезировано P(answer|subgenre) из жанров для ответа: Антиутопические
2025-11-18 15:56:02,474 INFO Синтезировано P(answer|book) из жанров/поджанров для ответа: Антиутопические
2025-11-18 15:56:02,476 INFO Синтезировано P(answer|book) из жанров/поджанров для ответа: Сатирическая
2025-11-18 15:56:04,732 INFO L3: выбран ответ: Не принципиально (q=6)
2025-11-18 15:56:04,733 INFO Синтезировано P(answer|subgenre) из жанров для ответа: Детективная литература
2025-11-18 15:56:04,734 INFO Синтезировано P(answer|book) из жанров/поджанров для ответа: Детективная литература
2025-11-18 15:56:04,736 INFO Синтезировано P(answer|subgenre) из жанров для ответа: Низкая
2025-11-18 15:56:04,737 INFO Синтезировано P(answer|book) из жанров/поджанров для ответа: Низкая
2025-11-18 15:56:04,740 INFO Синтезировано P(answer|subgenre) из жанров для ответа: Антиутопические
2025-11-18 15:56:04,741 INFO Синтезировано P(answer|book) из жанров/поджанров для ответа: Антиутопические
2025-11-18 15:56:04,743 INFO Синтезировано P(answer|book) из жанров/поджанров для ответа: Сатирическая
2025-11-18 16:11:21,440 INFO Модель инициализирована
2025-11-18 16:11:41,336 INFO L1: выбран ответ: Тёплая (q=0)
2025-11-18 16:11:41,342 INFO Ответ (уровень 1) принят: Тёплая
2025-11-18 16:11:49,611 INFO L1: выбран ответ: Вневременной (q=1)
2025-11-18 16:11:49,616 INFO Ответ (уровень 1) принят: Вневременной
2025-11-18 16:11:53,565 INFO L1: выбран ответ: Социальные темы (q=2)
2025-11-18 16:11:53,568 INFO Синтезировано P(answer|subgenre) из жанров для ответа: Социальные темы
2025-11-18 16:11:53,570 INFO Синтезировано P(answer|subgenre) из жанров для ответа: Социальные темы
2025-11-18 16:11:53,572 INFO Синтезировано P(answer|book) из жанров/поджанров для ответа: Социальные темы
2025-11-18 16:11:53,574 INFO Синтезировано P(answer|book) из жанров/поджанров для ответа: Социальные темы
2025-11-18 16:11:53,575 INFO Ответ (уровень 1) принят: Социальные темы
2025-11-18 16:12:05,785 INFO L1: выбран ответ: Средняя (q=3)
2025-11-18 16:12:05,788 INFO Синтезировано P(answer|subgenre) из жанров для ответа: Средняя
2025-11-18 16:12:05,790 INFO Синтезировано P(answer|subgenre) из жанров для ответа: Средняя
2025-11-18 16:12:05,794 INFO Ответ (уровень 1) принят: Средняя
2025-11-18 16:12:07,032 INFO L1: выбран ответ: Динамичный (q=4)
2025-11-18 16:12:07,038 INFO Ответ (уровень 1) принят: Динамичный
2025-11-18 16:12:08,065 INFO L1: выбран ответ: Атмосфера (q=5)
2025-11-18 16:12:08,070 INFO Ответ (уровень 1) принят: Атмосфера
2025-11-18 16:12:09,998 INFO L1: выбран ответ: Смешение реализма и вымысла (q=6)
2025-11-18 16:12:10,003 INFO Ответ (уровень 1) принят: Смешение реализма и вымысла
2025-11-18 16:12:13,341 INFO L2: выбран ответ: Обычный человек (q=0)
2025-11-18 16:12:13,346 INFO Ответ (уровень 2) принят: Обычный человек
2025-11-18 16:12:17,939 INFO L2: выбран ответ: Размеренный (q=1)
2025-11-18 16:12:17,944 INFO Ответ (уровень 2) принят: Размеренный
2025-11-18 16:12:22,203 INFO L2: выбран ответ: Антиутопические (q=2)
2025-11-18 16:12:22,206 INFO Синтезировано P(answer|subgenre) из жанров для ответа: Антиутопические
2025-11-18 16:12:22,208 INFO Синтезировано P(answer|subgenre) из жанров для ответа: Антиутопические
2025-11-18 16:12:22,211 INFO Синтезировано P(answer|book) из жанров/поджанров для ответа: Антиутопические
2025-11-18 16:12:22,212 INFO Синтезировано P(answer|book) из жанров/поджанров для ответа: Антиутопические
2025-11-18 16:12:22,215 INFO Ответ (уровень 2) принят: Антиутопические
2025-11-18 16:12:33,435 INFO L2: выбран ответ: Светлая (q=3)
2025-11-18 16:12:33,440 INFO Синтезировано P(answer|book) из жанров/поджанров для ответа: Светлая
2025-11-18 16:12:33,441 INFO Синтезировано P(answer|book) из жанров/поджанров для ответа: Светлая
2025-11-18 16:12:33,443 INFO Ответ (уровень 2) принят: Светлая
2025-11-18 16:12:38,723 INFO L2: выбран ответ: Низкий (q=4)
2025-11-18 16:12:38,728 INFO Ответ (уровень 2) принят: Низкий
2025-11-18 16:12:50,531 INFO L2: выбран ответ: Стиль (q=5)
2025-11-18 16:12:50,536 INFO Ответ (уровень 2) принят: Стиль
2025-11-18 16:13:07,227 INFO L2: выбран ответ: Документальный (q=6)
2025-11-18 16:13:07,233 INFO Ответ (уровень 2) принят: Документальный
2025-11-18 16:13:37,218 INFO L3: выбран ответ: Катартческий (q=0)
2025-11-18 16:13:37,223 INFO Ответ (уровень 3) принят: Катартческий
2025-11-18 16:13:50,914 INFO L3: выбран ответ: Важнее идеи (q=1)
2025-11-18 16:13:50,919 INFO Ответ (уровень 3) принят: Важнее идеи
2025-11-18 16:13:55,659 INFO L3: выбран ответ: Взрослые (q=2)
2025-11-18 16:13:55,665 INFO Ответ (уровень 3) принят: Взрослые
2025-11-18 16:14:01,498 INFO L3: выбран ответ: Стиль (q=3)
2025-11-18 16:14:01,503 INFO Ответ (уровень 3) принят: Стиль
2025-11-18 16:14:05,472 INFO L3: выбран ответ: 700+ стр. (q=4)
2025-11-18 16:14:05,477 INFO Ответ (уровень 3) принят: 700+ стр.
2025-11-18 16:14:11,344 INFO L3: выбран ответ: Чёрный юмор (q=5)
2025-11-18 16:14:11,349 INFO Ответ (уровень 3) принят: Чёрный юмор
2025-11-18 16:14:22,608 INFO L3: выбран ответ: Допускаю клише, если реализовано хорошо (q=6)
2025-11-18 16:14:22,614 INFO Ответ (уровень 3) принят: Допускаю клише, если реализовано хорошо
2025-11-18 16:14:42,181 INFO Пользователь выбрал книгу (двойной клик): Мастер и Маргарита
2025-11-18 16:16:56,191 INFO Модель инициализирована
2025-11-18 16:17:01,500 INFO L1: выбран ответ: Мистическая (q=0)
2025-11-18 16:17:01,505 INFO Ответ (уровень 1) принят: Мистическая
2025-11-18 16:17:10,107 INFO L1: выбран ответ: Современность (q=1)
2025-11-18 16:17:10,112 INFO Ответ (уровень 1) принят: Современность
2025-11-18 16:17:17,885 INFO L1: выбран ответ: Приключенческая литература (q=2)
2025-11-18 16:17:17,888 INFO Синтезировано P(answer|subgenre) из жанров для ответа: Приключенческая литература
2025-11-18 16:17:17,890 INFO Синтезировано P(answer|subgenre) из жанров для ответа: Приключенческая литература
2025-11-18 16:17:17,892 INFO Синтезировано P(answer|book) из жанров/поджанров для ответа: Приключенческая литература
2025-11-18 16:17:17,893 INFO Синтезировано P(answer|book) из жанров/поджанров для ответа: Приключенческая литература
2025-11-18 16:17:17,895 INFO Ответ (уровень 1) принят: Приключенческая литература
2025-11-18 16:17:24,866 INFO L1: выбран ответ: Высокая (q=3)
2025-11-18 16:17:24,869 INFO Синтезировано P(answer|subgenre) из жанров для ответа: Высокая
2025-11-18 16:17:24,870 INFO Синтезировано P(answer|subgenre) из жанров для ответа: Высокая
2025-11-18 16:17:24,872 INFO Синтезировано P(answer|book) из жанров/поджанров для ответа: Высокая
2025-11-18 16:17:24,873 INFO Синтезировано P(answer|book) из жанров/поджанров для ответа: Высокая
2025-11-18 16:17:24,875 INFO Ответ (уровень 1) принят: Высокая
2025-11-18 16:17:35,876 INFO L1: выбран ответ: Очень медленный (q=4)
2025-11-18 16:17:35,881 INFO Ответ (уровень 1) принят: Очень медленный
2025-11-18 16:17:45,614 INFO L1: выбран ответ: Юмор (q=5)
2025-11-18 16:17:45,619 INFO Ответ (уровень 1) принят: Юмор
2025-11-18 16:18:00,390 INFO L1: выбран ответ: Максимально реалистично (q=6)
2025-11-18 16:18:00,395 INFO Ответ (уровень 1) принят: Максимально реалистично
2025-11-18 16:18:09,760 INFO L2: выбран ответ: Детектив-профессионал (q=0)
2025-11-18 16:18:09,765 INFO Ответ (уровень 2) принят: Детектив-профессионал
2025-11-18 16:18:23,925 INFO L2: выбран ответ: Поступательный (q=1)
2025-11-18 16:18:23,930 INFO Ответ (уровень 2) принят: Поступательный
2025-11-18 16:18:33,654 INFO L2: выбран ответ: Магические (q=2)
2025-11-18 16:18:33,657 INFO Синтезировано P(answer|subgenre) из жанров для ответа: Магические
2025-11-18 16:18:33,659 INFO Синтезировано P(answer|subgenre) из жанров для ответа: Магические
2025-11-18 16:18:33,661 INFO Синтезировано P(answer|book) из жанров/поджанров для ответа: Магические
2025-11-18 16:18:33,662 INFO Синтезировано P(answer|book) из жанров/поджанров для ответа: Магические
2025-11-18 16:18:33,663 INFO Ответ (уровень 2) принят: Магические
2025-11-18 16:18:39,241 INFO L2: выбран ответ: Мрачная (q=3)
2025-11-18 16:18:39,246 INFO Ответ (уровень 2) принят: Мрачная
2025-11-18 16:18:43,412 INFO L2: выбран ответ: Низкий (q=4)
2025-11-18 16:18:43,417 INFO Ответ (уровень 2) принят: Низкий
2025-11-18 16:18:54,632 INFO L2: выбран ответ: Стиль (q=5)
2025-11-18 16:18:54,637 INFO Ответ (уровень 2) принят: Стиль
2025-11-18 16:19:02,809 INFO L2: выбран ответ: Экспериментальный (q=6)
2025-11-18 16:19:02,814 INFO Ответ (уровень 2) принят: Экспериментальный
2025-11-18 16:19:04,960 INFO L3: выбран ответ: Трагический (q=0)
2025-11-18 16:19:04,965 INFO Ответ (уровень 3) принят: Трагический
2025-11-18 16:19:07,237 INFO L3: выбран ответ: Мешает повествованию (q=1)
2025-11-18 16:19:07,242 INFO Ответ (уровень 3) принят: Мешает повествованию
2025-11-18 16:19:15,040 INFO L3: выбран ответ: Пожилые (q=2)
2025-11-18 16:19:15,045 INFO Ответ (уровень 3) принят: Пожилые
2025-11-18 16:19:23,275 INFO L3: выбран ответ: Стиль (q=3)
2025-11-18 16:19:23,280 INFO Ответ (уровень 3) принят: Стиль
2025-11-18 16:19:25,089 INFO L3: выбран ответ: 700+ стр. (q=4)
2025-11-18 16:19:25,094 INFO Ответ (уровень 3) принят: 700+ стр.
2025-11-18 16:20:10,010 INFO L3: выбран ответ: Только ирония (q=5)
2025-11-18 16:20:10,014 INFO Ответ (уровень 3) принят: Только ирония
2025-11-18 16:20:16,516 INFO L3: выбран ответ: Допускаю клише, если реализовано хорошо (q=6)
2025-11-18 16:20:16,521 INFO Ответ (уровень 3) принят: Допускаю клише, если реализовано хорошо
2025-11-18 16:28:21,848 INFO Модель инициализирована
2025-11-18 16:28:30,876 INFO L1: выбран ответ: Светлая (q=0)
2025-11-18 16:28:30,882 INFO Синтезировано P(answer|book) из жанров/поджанров для ответа: Светлая
2025-11-18 16:28:30,883 INFO Синтезировано P(answer|book) из жанров/поджанров для ответа: Светлая
2025-11-18 16:28:30,885 INFO Ответ (уровень 1) принят: Светлая
2025-11-18 16:28:39,848 INFO L1: выбран ответ: Современность (q=1)
2025-11-18 16:28:39,853 INFO Ответ (уровень 1) принят: Современность
2025-11-18 16:28:42,501 INFO L1: выбран ответ: Сатира/юмор (q=2)
2025-11-18 16:28:42,505 INFO Синтезировано P(answer|subgenre) из жанров для ответа: Сатира/юмор
2025-11-18 16:28:42,507 INFO Синтезировано P(answer|subgenre) из жанров для ответа: Сатира/юмор
2025-11-18 16:28:42,509 INFO Синтезировано P(answer|book) из жанров/поджанров для ответа: Сатира/юмор
2025-11-18 16:28:42,510 INFO Синтезировано P(answer|book) из жанров/поджанров для ответа: Сатира/юмор
2025-11-18 16:28:42,512 INFO Ответ (уровень 1) принят: Сатира/юмор
2025-11-18 16:28:46,960 INFO L1: выбран ответ: Низкая (q=3)
2025-11-18 16:28:46,963 INFO Синтезировано P(answer|subgenre) из жанров для ответа: Низкая
2025-11-18 16:28:46,965 INFO Синтезировано P(answer|subgenre) из жанров для ответа: Низкая
2025-11-18 16:28:46,967 INFO Синтезировано P(answer|book) из жанров/поджанров для ответа: Низкая
2025-11-18 16:28:46,969 INFO Синтезировано P(answer|book) из жанров/поджанров для ответа: Низкая
2025-11-18 16:28:46,971 INFO Ответ (уровень 1) принят: Низкая
2025-11-18 16:28:58,461 INFO L1: выбран ответ: Динамичный (q=4)
2025-11-18 16:28:58,465 INFO Ответ (уровень 1) принят: Динамичный
2025-11-18 16:28:59,608 INFO L1: выбран ответ: Напряжение (q=5)
2025-11-18 16:28:59,612 INFO Ответ (уровень 1) принят: Напряжение
2025-11-18 16:29:00,737 INFO L1: выбран ответ: Документальность (q=6)
2025-11-18 16:29:00,745 INFO Ответ (уровень 1) принят: Документальность
2025-11-18 16:29:01,555 INFO L1: выбран ответ: Воодушевляюще-мрачная (q=7)
2025-11-18 16:29:01,557 INFO Синтезировано P(answer|subgenre) из жанров для ответа: Воодушевляюще-мрачная
2025-11-18 16:29:01,559 INFO Синтезировано P(answer|subgenre) из жанров для ответа: Воодушевляюще-мрачная
2025-11-18 16:29:01,561 INFO Синтезировано P(answer|book) из жанров/поджанров для ответа: Воодушевляюще-мрачная
2025-11-18 16:29:01,562 INFO Синтезировано P(answer|book) из жанров/поджанров для ответа: Воодушевляюще-мрачная
2025-11-18 16:29:01,564 INFO Ответ (уровень 1) принят: Воодушевляюще-мрачная
2025-11-18 16:29:02,740 INFO L2: выбран ответ: Нетипичный персонаж (q=0)
2025-11-18 16:29:02,745 INFO Ответ (уровень 2) принят: Нетипичный персонаж
2025-11-18 16:29:03,521 INFO L2: выбран ответ: Поступательный (q=1)
2025-11-18 16:29:03,526 INFO Ответ (уровень 2) принят: Поступательный
2025-11-18 16:29:04,378 INFO L2: выбран ответ: Исторические (q=2)
2025-11-18 16:29:04,381 INFO Синтезировано P(answer|subgenre) из жанров для ответа: Исторические
2025-11-18 16:29:04,382 INFO Синтезировано P(answer|subgenre) из жанров для ответа: Исторические
2025-11-18 16:29:04,386 INFO Ответ (уровень 2) принят: Исторические
2025-11-18 16:29:05,216 INFO L2: выбран ответ: Мрачная (q=3)
2025-11-18 16:29:05,220 INFO Ответ (уровень 2) принят: Мрачная
2025-11-18 16:29:06,171 INFO L2: выбран ответ: Низкий (q=4)
2025-11-18 16:29:06,176 INFO Ответ (уровень 2) принят: Низкий
2025-11-18 16:29:06,930 INFO L2: выбран ответ: Мир (q=5)
2025-11-18 16:29:06,935 INFO Ответ (уровень 2) принят: Мир
2025-11-18 16:29:07,823 INFO L2: выбран ответ: Лиричный (q=6)
2025-11-18 16:29:07,828 INFO Ответ (уровень 2) принят: Лиричный
2025-11-18 16:29:09,632 INFO L2: выбран ответ: Всезнающий рассказчик (q=7)
2025-11-18 16:29:09,637 INFO Ответ (уровень 2) принят: Всезнающий рассказчик
2025-11-18 16:29:11,324 INFO L3: выбран ответ: Неоднозначный (q=0)
2025-11-18 16:29:11,330 INFO Ответ (уровень 3) принят: Неоднозначный
2025-11-18 16:29:12,274 INFO L3: выбран ответ: Мешает повествованию (q=1)
2025-11-18 16:29:12,278 INFO Ответ (уровень 3) принят: Мешает повествованию
2025-11-18 16:29:13,723 INFO L3: выбран ответ: Взрослые (q=2)
2025-11-18 16:29:13,728 INFO Ответ (уровень 3) принят: Взрослые
2025-11-18 16:29:14,453 INFO L3: выбран ответ: Стиль (q=3)
2025-11-18 16:29:14,457 INFO Ответ (уровень 3) принят: Стиль
2025-11-18 16:29:15,281 INFO L3: выбран ответ: 700+ стр. (q=4)
2025-11-18 16:29:15,286 INFO Ответ (уровень 3) принят: 700+ стр.
2025-11-18 16:29:16,269 INFO L3: выбран ответ: Не люблю (q=5)
2025-11-18 16:29:16,274 INFO Ответ (уровень 3) принят: Не люблю
2025-11-18 16:29:17,178 INFO L3: выбран ответ: Желательна (q=6)
2025-11-18 16:29:17,182 INFO Ответ (уровень 3) принят: Желательна
2025-11-18 16:29:17,990 INFO L3: выбран ответ: Желательны (q=7)
2025-11-18 16:29:17,995 INFO Ответ (уровень 3) принят: Желательны
2025-11-18 16:29:51,516 INFO Опрос перезапущен пользователем
2025-11-18 16:29:56,083 INFO Опрос перезапущен пользователем
2025-11-18 16:30:08,797 INFO L1: выбран ответ: Философская (q=0)
2025-11-18 16:30:08,801 INFO Ответ (уровень 1) принят: Философская
2025-11-18 16:30:14,802 INFO L1: выбран ответ: XX век (q=1)
2025-11-18 16:30:14,806 INFO Ответ (уровень 1) принят: XX век
2025-11-18 16:30:22,216 INFO L1: выбран ответ: Социальные темы (q=2)
2025-11-18 16:30:22,219 INFO Синтезировано P(answer|subgenre) из жанров для ответа: Социальные темы
2025-11-18 16:30:22,220 INFO Синтезировано P(answer|subgenre) из жанров для ответа: Социальные темы
2025-11-18 16:30:22,223 INFO Синтезировано P(answer|book) из жанров/поджанров для ответа: Социальные темы
2025-11-18 16:30:22,224 INFO Синтезировано P(answer|book) из жанров/поджанров для ответа: Социальные темы
2025-11-18 16:30:22,226 INFO Ответ (уровень 1) принят: Социальные темы
2025-11-18 16:30:28,772 INFO L1: выбран ответ: Высокая (q=3)
2025-11-18 16:30:28,775 INFO Синтезировано P(answer|subgenre) из жанров для ответа: Высокая
2025-11-18 16:30:28,776 INFO Синтезировано P(answer|subgenre) из жанров для ответа: Высокая
2025-11-18 16:30:28,778 INFO Синтезировано P(answer|book) из жанров/поджанров для ответа: Высокая
2025-11-18 16:30:28,780 INFO Синтезировано P(answer|book) из жанров/поджанров для ответа: Высокая
2025-11-18 16:30:28,782 INFO Ответ (уровень 1) принят: Высокая
2025-11-18 16:30:35,492 INFO L1: выбран ответ: Умеренный (q=4)
2025-11-18 16:30:35,496 INFO Ответ (уровень 1) принят: Умеренный
2025-11-18 16:30:39,515 INFO L1: выбран ответ: Идеи (q=5)
2025-11-18 16:30:39,520 INFO Ответ (уровень 1) принят: Идеи
2025-11-18 16:30:48,498 INFO L1: выбран ответ: Максимально реалистично (q=6)
2025-11-18 16:30:48,502 INFO Ответ (уровень 1) принят: Максимально реалистично
2025-11-18 16:30:54,995 INFO L1: выбран ответ: Воодушевляюще-мрачная (q=7)
2025-11-18 16:30:54,999 INFO Синтезировано P(answer|subgenre) из жанров для ответа: Воодушевляюще-мрачная
2025-11-18 16:30:55,000 INFO Синтезировано P(answer|subgenre) из жанров для ответа: Воодушевляюще-мрачная
2025-11-18 16:30:55,002 INFO Синтезировано P(answer|book) из жанров/поджанров для ответа: Воодушевляюще-мрачная
2025-11-18 16:30:55,003 INFO Синтезировано P(answer|book) из жанров/поджанров для ответа: Воодушевляюще-мрачная
2025-11-18 16:30:55,005 INFO Ответ (уровень 1) принят: Воодушевляюще-мрачная
2025-11-18 16:31:11,062 INFO L2: выбран ответ: Антигерой (q=0)
2025-11-18 16:31:11,067 INFO Ответ (уровень 2) принят: Антигерой
2025-11-18 16:31:21,731 INFO L2: выбран ответ: Напряжённый (q=1)
2025-11-18 16:31:21,737 INFO Ответ (уровень 2) принят: Напряжённый
2025-11-18 16:31:29,908 INFO L2: выбран ответ: Реалистичные (q=2)
2025-11-18 16:31:29,911 INFO Синтезировано P(answer|subgenre) из жанров для ответа: Реалистичные
2025-11-18 16:31:29,913 INFO Синтезировано P(answer|subgenre) из жанров для ответа: Реалистичные
2025-11-18 16:31:29,915 INFO Синтезировано P(answer|book) из жанров/поджанров для ответа: Реалистичные
2025-11-18 16:31:29,916 INFO Синтезировано P(answer|book) из жанров/поджанров для ответа: Реалистичные
2025-11-18 16:31:29,918 INFO Ответ (уровень 2) принят: Реалистичные
2025-11-18 16:31:39,290 INFO L2: выбран ответ: Мрачная (q=3)
2025-11-18 16:31:39,294 INFO Ответ (уровень 2) принят: Мрачная
2025-11-18 16:31:43,409 INFO L2: выбран ответ: Высокий (q=4)
2025-11-18 16:31:43,413 INFO Ответ (уровень 2) принят: Высокий
2025-11-18 16:32:02,235 INFO L2: выбран ответ: Стиль (q=5)
2025-11-18 16:32:02,240 INFO Ответ (уровень 2) принят: Стиль
2025-11-18 16:32:15,150 INFO L2: выбран ответ: Экспериментальный (q=6)
2025-11-18 16:32:15,154 INFO Ответ (уровень 2) принят: Экспериментальный
2025-11-18 16:32:22,327 INFO L2: выбран ответ: Третье лицо (q=7)
2025-11-18 16:32:22,333 INFO Ответ (уровень 2) принят: Третье лицо
2025-11-18 16:32:28,948 INFO L3: выбран ответ: Трагический (q=0)
2025-11-18 16:32:28,953 INFO Ответ (уровень 3) принят: Трагический
2025-11-18 16:32:33,430 INFO L3: выбран ответ: Критически важна (q=1)
2025-11-18 16:32:33,435 INFO Ответ (уровень 3) принят: Критически важна
2025-11-18 16:32:42,541 INFO L3: выбран ответ: Молодые взрослые (q=2)
2025-11-18 16:32:42,545 INFO Ответ (уровень 3) принят: Молодые взрослые
2025-11-18 16:32:48,520 INFO L3: выбран ответ: Стиль (q=3)
2025-11-18 16:32:48,524 INFO Ответ (уровень 3) принят: Стиль
2025-11-18 16:32:52,062 INFO L3: выбран ответ: 200–400 стр. (q=4)
2025-11-18 16:32:52,067 INFO Ответ (уровень 3) принят: 200–400 стр.
2025-11-18 16:32:57,680 INFO L3: выбран ответ: Люблю (q=5)
2025-11-18 16:32:57,685 INFO Ответ (уровень 3) принят: Люблю
2025-11-18 16:33:08,912 INFO L3: выбран ответ: Без штампов (q=6)
2025-11-18 16:33:08,917 INFO Ответ (уровень 3) принят: Без штампов
2025-11-18 16:33:15,686 INFO L3: выбран ответ: Необязательны (q=7)
2025-11-18 16:33:15,691 INFO Ответ (уровень 3) принят: Необязательны
2025-11-18 16:33:48,167 INFO Опрос перезапущен пользователем
2025-11-18 16:33:54,875 INFO Пользователь выбрал книгу (двойной клик): Три товарища
2025-11-18 16:37:40,888 INFO Модель инициализирована
2025-11-18 16:37:50,048 INFO L1: выбран ответ: Мистическая (q=0)
2025-11-18 16:37:50,053 INFO Ответ (уровень 1) принят: Мистическая
2025-11-18 16:38:27,322 INFO Модель инициализирована
2025-11-18 16:39:14,280 INFO L1: выбран ответ: Мистическая (q=0)
2025-11-18 16:39:14,285 INFO Ответ (уровень 1) принят: Мистическая
2025-11-18 16:39:19,215 INFO L1: выбран ответ: XX век (q=1)
2025-11-18 16:39:19,219 INFO Ответ (уровень 1) принят: XX век
2025-11-18 16:39:23,801 INFO L1: выбран ответ: Нон-фикшн (q=2)
2025-11-18 16:39:23,804 INFO Синтезировано P(answer|subgenre) из жанров для ответа: Нон-фикшн
2025-11-18 16:39:23,806 INFO Синтезировано P(answer|subgenre) из жанров для ответа: Нон-фикшн
2025-11-18 16:39:23,808 INFO Синтезировано P(answer|book) из жанров/поджанров для ответа: Нон-фикшн
2025-11-18 16:39:23,809 INFO Синтезировано P(answer|book) из жанров/поджанров для ответа: Нон-фикшн
2025-11-18 16:39:23,811 INFO Ответ (уровень 1) принят: Нон-фикшн
2025-11-18 16:39:29,590 INFO L1: выбран ответ: Не важно (q=3)
2025-11-18 16:39:29,594 INFO Ответ (уровень 1) принят: Не важно
2025-11-18 16:39:37,457 INFO L1: выбран ответ: Очень медленный (q=4)
2025-11-18 16:39:37,462 INFO Ответ (уровень 1) принят: Очень медленный
2025-11-18 16:40:25,752 INFO L1: выбран ответ: Атмосфера (q=5)
2025-11-18 16:40:25,757 INFO Ответ (уровень 1) принят: Атмосфера
2025-11-18 16:40:29,726 INFO L1: выбран ответ: Документальность (q=6)
2025-11-18 16:40:29,731 INFO Ответ (уровень 1) принят: Документальность
2025-11-18 16:40:34,254 INFO L1: выбран ответ: Тревожная (q=7)
2025-11-18 16:40:34,257 INFO Синтезировано P(answer|subgenre) из жанров для ответа: Тревожная
2025-11-18 16:40:34,258 INFO Синтезировано P(answer|subgenre) из жанров для ответа: Тревожная
2025-11-18 16:40:34,260 INFO Синтезировано P(answer|book) из жанров/поджанров для ответа: Тревожная
2025-11-18 16:40:34,262 INFO Синтезировано P(answer|book) из жанров/поджанров для ответа: Тревожная
2025-11-18 16:40:34,263 INFO Ответ (уровень 1) принят: Тревожная
2025-11-18 16:40:52,267 INFO L2: выбран ответ: Антигерой (q=0)
2025-11-18 16:40:52,272 INFO Ответ (уровень 2) принят: Антигерой
2025-11-18 16:40:57,138 INFO L2: выбран ответ: Поэтичный (q=1)
2025-11-18 16:40:57,143 INFO Ответ (уровень 2) принят: Поэтичный
2025-11-18 16:40:59,498 INFO L2: выбран ответ: Магические (q=2)
2025-11-18 16:40:59,501 INFO Синтезировано P(answer|subgenre) из жанров для ответа: Магические
2025-11-18 16:40:59,502 INFO Синтезировано P(answer|subgenre) из жанров для ответа: Магические
2025-11-18 16:40:59,505 INFO Синтезировано P(answer|book) из жанров/поджанров для ответа: Магические
2025-11-18 16:40:59,507 INFO Синтезировано P(answer|book) из жанров/поджанров для ответа: Магические
2025-11-18 16:40:59,509 INFO Ответ (уровень 2) принят: Магические
2025-11-18 16:41:03,978 INFO L2: выбран ответ: Темная (q=3)
2025-11-18 16:41:03,982 INFO Синтезировано P(answer|book) из жанров/поджанров для ответа: Темная
2025-11-18 16:41:03,984 INFO Синтезировано P(answer|book) из жанров/поджанров для ответа: Темная
2025-11-18 16:41:03,986 INFO Ответ (уровень 2) принят: Темная
2025-11-18 16:41:07,564 INFO L2: выбран ответ: Средний (q=4)
2025-11-18 16:41:07,569 INFO Ответ (уровень 2) принят: Средний
2025-11-18 16:41:11,270 INFO L2: выбран ответ: Персонаж (q=5)
2025-11-18 16:41:11,275 INFO Ответ (уровень 2) принят: Персонаж
2025-11-18 16:41:17,469 INFO L2: выбран ответ: Экспериментальный (q=6)
2025-11-18 16:41:17,474 INFO Ответ (уровень 2) принят: Экспериментальный
2025-11-18 16:41:23,097 INFO L2: выбран ответ: Всезнающий рассказчик (q=7)
2025-11-18 16:41:23,103 INFO Ответ (уровень 2) принят: Всезнающий рассказчик
2025-11-18 16:41:31,092 INFO L3: выбран ответ: Катартческий (q=0)
2025-11-18 16:41:31,097 INFO Ответ (уровень 3) принят: Катартческий
2025-11-18 16:41:34,064 INFO L3: выбран ответ: Не важна (q=1)
2025-11-18 16:41:34,070 INFO Ответ (уровень 3) принят: Не важна
2025-11-18 16:41:37,883 INFO L3: выбран ответ: Молодые взрослые (q=2)
2025-11-18 16:41:37,888 INFO Ответ (уровень 3) принят: Молодые взрослые
2025-11-18 16:41:42,393 INFO L3: выбран ответ: Сюжет (q=3)
2025-11-18 16:41:42,399 INFO Ответ (уровень 3) принят: Сюжет
2025-11-18 16:41:46,217 INFO L3: выбран ответ: 200–400 стр. (q=4)
2025-11-18 16:41:46,223 INFO Ответ (уровень 3) принят: 200–400 стр.
2025-11-18 16:41:52,857 INFO L3: выбран ответ: Не люблю (q=5)
2025-11-18 16:41:52,863 INFO Ответ (уровень 3) принят: Не люблю
2025-11-18 16:41:56,645 INFO L3: выбран ответ: Допускаю клише, если реализовано хорошо (q=6)
2025-11-18 16:41:56,650 INFO Ответ (уровень 3) принят: Допускаю клише, если реализовано хорошо
2025-11-18 16:42:05,120 INFO L3: выбран ответ: Предпочитаю предсказуемость (q=7)
2025-11-18 16:42:05,126 INFO Ответ (уровень 3) принят: Предпочитаю предсказуемость
2025-11-18 16:42:37,103 INFO Модель инициализирована
2025-11-18 16:42:43,556 INFO L1: выбран ответ: Светлая (q=0)
2025-11-18 16:42:43,561 INFO Синтезировано P(answer|book) из жанров/поджанров для ответа: Светлая
2025-11-18 16:42:43,562 INFO Синтезировано P(answer|book) из жанров/поджанров для ответа: Светлая
2025-11-18 16:42:43,564 INFO Ответ (уровень 1) принят: Светлая
2025-11-18 16:42:50,434 INFO L1: выбран ответ: Исторический (q=1)
2025-11-18 16:42:50,439 INFO Ответ (уровень 1) принят: Исторический
2025-11-18 16:42:57,637 INFO L1: выбран ответ: Социальные темы (q=2)
2025-11-18 16:42:57,640 INFO Синтезировано P(answer|subgenre) из жанров для ответа: Социальные темы
2025-11-18 16:42:57,641 INFO Синтезировано P(answer|subgenre) из жанров для ответа: Социальные темы
2025-11-18 16:42:57,644 INFO Синтезировано P(answer|book) из жанров/поджанров для ответа: Социальные темы
2025-11-18 16:42:57,645 INFO Синтезировано P(answer|book) из жанров/поджанров для ответа: Социальные темы
2025-11-18 16:42:57,647 INFO Ответ (уровень 1) принят: Социальные темы
2025-11-18 16:43:03,211 INFO L1: выбран ответ: Не важно (q=3)
2025-11-18 16:43:03,216 INFO Ответ (уровень 1) принят: Не важно
2025-11-18 16:43:05,980 INFO L1: выбран ответ: Очень медленный (q=4)
2025-11-18 16:43:05,985 INFO Ответ (уровень 1) принят: Очень медленный
2025-11-18 16:43:07,583 INFO L1: вопрос пропущен (q=5)
2025-11-18 16:43:08,386 INFO L1: вопрос пропущен (q=6)
2025-11-18 16:43:08,877 INFO L1: вопрос пропущен (q=7)
2025-11-18 16:43:09,882 INFO L2: вопрос пропущен (q=0)
2025-11-18 16:43:10,551 INFO L2: вопрос пропущен (q=1)
2025-11-18 16:43:12,080 INFO L2: выбран ответ: Космические (q=2)
2025-11-18 16:43:12,083 INFO Синтезировано P(answer|subgenre) из жанров для ответа: Космические
2025-11-18 16:43:12,084 INFO Синтезировано P(answer|subgenre) из жанров для ответа: Космические
2025-11-18 16:43:12,088 INFO Ответ (уровень 2) принят: Космические
2025-11-18 16:43:13,378 INFO L2: выбран ответ: Светлая (q=3)
2025-11-18 16:43:13,382 INFO Синтезировано P(answer|book) из жанров/поджанров для ответа: Светлая
2025-11-18 16:43:13,384 INFO Синтезировано P(answer|book) из жанров/поджанров для ответа: Светлая
2025-11-18 16:43:13,386 INFO Ответ (уровень 2) принят: Светлая
2025-11-18 16:43:14,240 INFO L2: выбран ответ: Средний (q=4)
2025-11-18 16:43:14,245 INFO Ответ (уровень 2) принят: Средний
2025-11-18 16:43:15,286 INFO L2: выбран ответ: Мир (q=5)
2025-11-18 16:43:15,291 INFO Ответ (уровень 2) принят: Мир
2025-11-18 16:43:16,604 INFO L2: выбран ответ: Ироничный (q=6)
2025-11-18 16:43:16,609 INFO Ответ (уровень 2) принят: Ироничный
2025-11-18 16:43:18,050 INFO L2: выбран ответ: Всезнающий рассказчик (q=7)
2025-11-18 16:43:18,055 INFO Ответ (уровень 2) принят: Всезнающий рассказчик
2025-11-18 16:43:19,155 INFO L3: выбран ответ: Закрытый (q=0)
2025-11-18 16:43:19,160 INFO Ответ (уровень 3) принят: Закрытый
2025-11-18 16:43:20,110 INFO L3: выбран ответ: Желательна (q=1)
2025-11-18 16:43:20,115 INFO Ответ (уровень 3) принят: Желательна
2025-11-18 16:43:21,004 INFO L3: выбран ответ: Молодые взрослые (q=2)
2025-11-18 16:43:21,009 INFO Ответ (уровень 3) принят: Молодые взрослые
2025-11-18 16:43:22,845 INFO L3: выбран ответ: Стиль (q=3)
2025-11-18 16:43:22,850 INFO Ответ (уровень 3) принят: Стиль
2025-11-18 16:43:23,888 INFO L3: выбран ответ: До 200 стр. (q=4)
2025-11-18 16:43:23,893 INFO Ответ (уровень 3) принят: До 200 стр.
2025-11-18 16:43:24,775 INFO L3: выбран ответ: Нейтрально (q=5)
2025-11-18 16:43:24,780 INFO Ответ (уровень 3) принят: Нейтрально
2025-11-18 16:43:25,577 INFO L3: выбран ответ: Не принципиально (q=6)
2025-11-18 16:43:25,582 INFO Ответ (уровень 3) принят: Не принципиально
2025-11-18 16:43:26,395 INFO L3: выбран ответ: Желательны (q=7)
2025-11-18 16:43:26,400 INFO Ответ (уровень 3) принят: Желательны
2025-11-18 16:43:29,038 INFO Опрос перезапущен пользователем
2025-11-18 16:43:35,433 INFO L1: выбран ответ: Тёплая (q=0)
2025-11-18 16:43:35,437 INFO Ответ (уровень 1) принят: Тёплая
2025-11-18 16:43:38,007 INFO L1: выбран ответ: Современность (q=1)
2025-11-18 16:43:38,012 INFO Ответ (уровень 1) принят: Современность
2025-11-18 16:43:41,974 INFO L1: выбран ответ: Классическая литература (q=2)
2025-11-18 16:43:41,977 INFO Синтезировано P(answer|subgenre) из жанров для ответа: Классическая литература
2025-11-18 16:43:41,979 INFO Синтезировано P(answer|subgenre) из жанров для ответа: Классическая литература
2025-11-18 16:43:41,981 INFO Синтезировано P(answer|book) из жанров/поджанров для ответа: Классическая литература
2025-11-18 16:43:41,982 INFO Синтезировано P(answer|book) из жанров/поджанров для ответа: Классическая литература
2025-11-18 16:43:41,984 INFO Ответ (уровень 1) принят: Классическая литература
2025-11-18 16:43:47,872 INFO L1: выбран ответ: Высокая (q=3)
2025-11-18 16:43:47,875 INFO Синтезировано P(answer|subgenre) из жанров для ответа: Высокая
2025-11-18 16:43:47,876 INFO Синтезировано P(answer|subgenre) из жанров для ответа: Высокая
2025-11-18 16:43:47,879 INFO Синтезировано P(answer|book) из жанров/поджанров для ответа: Высокая
2025-11-18 16:43:47,880 INFO Синтезировано P(answer|book) из жанров/поджанров для ответа: Высокая
2025-11-18 16:43:47,882 INFO Ответ (уровень 1) принят: Высокая
2025-11-18 16:43:51,826 INFO L1: выбран ответ: Умеренный (q=4)
2025-11-18 16:43:51,830 INFO Ответ (уровень 1) принят: Умеренный
2025-11-18 16:43:55,297 INFO L1: выбран ответ: Идеи (q=5)
2025-11-18 16:43:55,302 INFO Ответ (уровень 1) принят: Идеи
2025-11-18 16:44:02,860 INFO L1: выбран ответ: Документальность (q=6)
2025-11-18 16:44:02,865 INFO Ответ (уровень 1) принят: Документальность
2025-11-18 16:44:43,149 INFO L1: выбран ответ: Воодушевляюще-мрачная (q=7)
2025-11-18 16:44:43,152 INFO Синтезировано P(answer|subgenre) из жанров для ответа: Воодушевляюще-мрачная
2025-11-18 16:44:43,153 INFO Синтезировано P(answer|subgenre) из жанров для ответа: Воодушевляюще-мрачная
2025-11-18 16:44:43,155 INFO Синтезировано P(answer|book) из жанров/поджанров для ответа: Воодушевляюще-мрачная
2025-11-18 16:44:43,157 INFO Синтезировано P(answer|book) из жанров/поджанров для ответа: Воодушевляюще-мрачная
2025-11-18 16:44:43,158 INFO Ответ (уровень 1) принят: Воодушевляюще-мрачная
2025-11-18 16:44:52,970 INFO L2: выбран ответ: Нетипичный персонаж (q=0)
2025-11-18 16:44:52,974 INFO Ответ (уровень 2) принят: Нетипичный персонаж
2025-11-18 16:45:03,261 INFO L2: выбран ответ: Размеренный (q=1)
2025-11-18 16:45:03,265 INFO Ответ (уровень 2) принят: Размеренный
2025-11-18 16:45:10,727 INFO L2: выбран ответ: Исторические (q=2)
2025-11-18 16:45:10,730 INFO Синтезировано P(answer|subgenre) из жанров для ответа: Исторические
2025-11-18 16:45:10,732 INFO Синтезировано P(answer|subgenre) из жанров для ответа: Исторические
2025-11-18 16:45:10,735 INFO Ответ (уровень 2) принят: Исторические
2025-11-18 16:45:17,168 INFO L2: выбран ответ: Ироничная (q=3)
2025-11-18 16:45:17,172 INFO Синтезировано P(answer|book) из жанров/поджанров для ответа: Ироничная
2025-11-18 16:45:17,174 INFO Синтезировано P(answer|book) из жанров/поджанров для ответа: Ироничная
2025-11-18 16:45:17,175 INFO Ответ (уровень 2) принят: Ироничная
2025-11-18 16:45:22,309 INFO L2: выбран ответ: Средний (q=4)
2025-11-18 16:45:22,314 INFO Ответ (уровень 2) принят: Средний
2025-11-18 16:45:28,910 INFO L2: выбран ответ: Персонаж (q=5)
2025-11-18 16:45:28,915 INFO Ответ (уровень 2) принят: Персонаж
2025-11-18 16:45:36,721 INFO L2: выбран ответ: Экспериментальный (q=6)
2025-11-18 16:45:36,726 INFO Ответ (уровень 2) принят: Экспериментальный
2025-11-18 16:45:43,747 INFO L2: выбран ответ: Сменяемые перспективы (q=7)
2025-11-18 16:45:43,752 INFO Ответ (уровень 2) принят: Сменяемые перспективы
2025-11-18 16:45:48,763 INFO L3: выбран ответ: Открытый (q=0)
2025-11-18 16:45:48,768 INFO Ответ (уровень 3) принят: Открытый
2025-11-18 16:45:55,178 INFO L3: выбран ответ: Важнее динамика (q=1)
2025-11-18 16:45:55,182 INFO Ответ (уровень 3) принят: Важнее динамика
2025-11-18 16:45:57,430 INFO L3: выбран ответ: Дети (q=2)
2025-11-18 16:45:57,435 INFO Ответ (уровень 3) принят: Дети
2025-11-18 16:46:02,651 INFO L3: выбран ответ: Сюжет (q=3)
2025-11-18 16:46:02,656 INFO Ответ (уровень 3) принят: Сюжет
2025-11-18 16:46:04,342 INFO L3: выбран ответ: 700+ стр. (q=4)
2025-11-18 16:46:04,347 INFO Ответ (уровень 3) принят: 700+ стр.
2025-11-18 16:46:07,418 INFO L3: выбран ответ: Не люблю (q=5)
2025-11-18 16:46:07,423 INFO Ответ (уровень 3) принят: Не люблю
2025-11-18 16:46:12,089 INFO L3: выбран ответ: Допускаю клише, если реализовано хорошо (q=6)
2025-11-18 16:46:12,094 INFO Ответ (уровень 3) принят: Допускаю клише, если реализовано хорошо
2025-11-18 16:46:16,006 INFO L3: выбран ответ: Критично важны (q=7)
2025-11-18 16:46:16,011 INFO Ответ (уровень 3) принят: Критично важны
2025-11-19 18:42:25,992 INFO Модель инициализирована
2025-11-19 18:42:32,729 INFO L1: выбран ответ: Романтическая (q=0)
2025-11-19 18:42:32,735 INFO Ответ (уровень 1) принят: Романтическая
2025-11-19 18:42:35,323 INFO L1: выбран ответ: Футуристический (q=1)
2025-11-19 18:42:35,328 INFO Ответ (уровень 1) принят: Футуристический
2025-11-19 18:42:37,213 INFO L1: выбран ответ: Классическая литература (q=2)
2025-11-19 18:42:37,216 INFO Синтезировано P(answer|subgenre) из жанров для ответа: Классическая литература
2025-11-19 18:42:37,218 INFO Синтезировано P(answer|subgenre) из жанров для ответа: Классическая литература
2025-11-19 18:42:37,220 INFO Синтезировано P(answer|book) из жанров/поджанров для ответа: Классическая литература
2025-11-19 18:42:37,222 INFO Синтезировано P(answer|book) из жанров/поджанров для ответа: Классическая литература
2025-11-19 18:42:37,224 INFO Ответ (уровень 1) принят: Классическая литература
2025-11-19 18:48:58,280 INFO Модель инициализирована
2025-11-19 18:49:03,176 INFO L1: выбран ответ: Мистическая (q=0)
2025-11-19 18:49:03,179 INFO Синтезировано P(answer|subgenre) из жанров для ответа: Мистическая
2025-11-19 18:49:03,181 INFO Синтезировано P(answer|subgenre) из жанров для ответа: Мистическая
2025-11-19 18:49:03,183 INFO Синтезировано P(answer|book) из жанров/поджанров для ответа: Мистическая
2025-11-19 18:49:03,185 INFO Синтезировано P(answer|book) из жанров/поджанров для ответа: Мистическая
2025-11-19 18:49:03,186 INFO Ответ (уровень 1) принят: Мистическая
2025-11-19 18:49:12,900 INFO L1: выбран ответ: XX век (q=1)
2025-11-19 18:49:12,903 INFO Синтезировано P(answer|subgenre) из жанров для ответа: XX век
2025-11-19 18:49:12,904 INFO Синтезировано P(answer|subgenre) из жанров для ответа: XX век
2025-11-19 18:49:12,906 INFO Синтезировано P(answer|book) из жанров/поджанров для ответа: XX век
2025-11-19 18:49:12,907 INFO Синтезировано P(answer|book) из жанров/поджанров для ответа: XX век
2025-11-19 18:49:12,908 INFO Ответ (уровень 1) принят: XX век
2025-11-19 18:49:17,846 INFO L1: выбран ответ: Сатира/юмор (q=2)
2025-11-19 18:49:17,848 INFO Синтезировано P(answer|subgenre) из жанров для ответа: Сатира/юмор
2025-11-19 18:49:17,850 INFO Синтезировано P(answer|subgenre) из жанров для ответа: Сатира/юмор
2025-11-19 18:49:17,851 INFO Синтезировано P(answer|book) из жанров/поджанров для ответа: Сатира/юмор
2025-11-19 18:49:17,852 INFO Синтезировано P(answer|book) из жанров/поджанров для ответа: Сатира/юмор
2025-11-19 18:49:17,854 INFO Ответ (уровень 1) принят: Сатира/юмор
2025-11-19 18:49:22,975 INFO L1: выбран ответ: Не важно (q=3)
2025-11-19 18:49:22,980 INFO Ответ (уровень 1) принят: Не важно
2025-11-19 18:49:28,792 INFO L1: выбран ответ: Очень динамичный (q=4)
2025-11-19 18:49:28,796 INFO Ответ (уровень 1) принят: Очень динамичный
2025-11-19 18:49:41,771 INFO L1: выбран ответ: Приключения (q=5)
2025-11-19 18:49:41,776 INFO Ответ (уровень 1) принят: Приключения
2025-11-19 18:49:48,073 INFO L1: выбран ответ: Документальность (q=6)
2025-11-19 18:49:48,078 INFO Ответ (уровень 1) принят: Документальность
2025-11-19 18:49:57,623 INFO L1: выбран ответ: Воодушевляюще-мрачная (q=7)
2025-11-19 18:49:57,626 INFO Синтезировано P(answer|subgenre) из жанров для ответа: Воодушевляюще-мрачная
2025-11-19 18:49:57,628 INFO Синтезировано P(answer|subgenre) из жанров для ответа: Воодушевляюще-мрачная
2025-11-19 18:49:57,631 INFO Синтезировано P(answer|book) из жанров/поджанров для ответа: Воодушевляюще-мрачная
2025-11-19 18:49:57,632 INFO Синтезировано P(answer|book) из жанров/поджанров для ответа: Воодушевляюще-мрачная
2025-11-19 18:49:57,634 INFO Ответ (уровень 1) принят: Воодушевляюще-мрачная
2025-11-19 18:50:05,602 INFO L2: выбран ответ: Антигерой (q=0)
2025-11-19 18:50:05,608 INFO Ответ (уровень 2) принят: Антигерой
2025-11-19 18:50:10,009 INFO L2: выбран ответ: Динамичный (q=1)
2025-11-19 18:50:10,014 INFO Ответ (уровень 2) принят: Динамичный
2025-11-19 18:50:13,281 INFO L2: выбран ответ: Космические (q=2)
2025-11-19 18:50:13,284 INFO Синтезировано P(answer|subgenre) из жанров для ответа: Космические
2025-11-19 18:50:13,286 INFO Синтезировано P(answer|subgenre) из жанров для ответа: Космические
2025-11-19 18:50:13,290 INFO Ответ (уровень 2) принят: Космические
2025-11-19 18:50:26,934 INFO L2: выбран ответ: Темная (q=3)
2025-11-19 18:50:26,938 INFO Синтезировано P(answer|book) из жанров/поджанров для ответа: Темная
2025-11-19 18:50:26,939 INFO Синтезировано P(answer|book) из жанров/поджанров для ответа: Темная
2025-11-19 18:50:26,940 INFO Ответ (уровень 2) принят: Темная
2025-11-19 18:50:32,073 INFO L2: выбран ответ: Высокий (q=4)
2025-11-19 18:50:32,077 INFO Ответ (уровень 2) принят: Высокий
2025-11-19 18:50:35,986 INFO L2: выбран ответ: Персонаж (q=5)
2025-11-19 18:50:35,990 INFO Ответ (уровень 2) принят: Персонаж
2025-11-19 18:50:41,706 INFO L2: выбран ответ: Поток сознания (q=6)
2025-11-19 18:50:41,710 INFO Синтезировано P(answer|book) из жанров/поджанров для ответа: Поток сознания
2025-11-19 18:50:41,711 INFO Синтезировано P(answer|book) из жанров/поджанров для ответа: Поток сознания
2025-11-19 18:50:41,713 INFO Ответ (уровень 2) принят: Поток сознания
2025-11-19 18:50:57,623 INFO L2: выбран ответ: Сменяемые перспективы (q=7)
2025-11-19 18:50:57,629 INFO Ответ (уровень 2) принят: Сменяемые перспективы
2025-11-19 18:51:04,352 INFO L3: выбран ответ: Закрытый (q=0)
2025-11-19 18:51:04,356 INFO Ответ (уровень 3) принят: Закрытый
2025-11-19 18:51:07,525 INFO L3: выбран ответ: Критически важна (q=1)
2025-11-19 18:51:07,531 INFO Ответ (уровень 3) принят: Критически важна
2025-11-19 18:51:16,640 INFO L3: выбран ответ: Дети (q=2)
2025-11-19 18:51:16,645 INFO Ответ (уровень 3) принят: Дети
2025-11-19 18:51:24,979 INFO L3: выбран ответ: Стиль (q=3)
2025-11-19 18:51:24,984 INFO Ответ (уровень 3) принят: Стиль
2025-11-19 18:51:28,948 INFO L3: выбран ответ: 700+ стр. (q=4)
2025-11-19 18:51:28,953 INFO Ответ (уровень 3) принят: 700+ стр.
2025-11-19 18:51:39,277 INFO L3: выбран ответ: Не люблю (q=5)
2025-11-19 18:51:39,282 INFO Ответ (уровень 3) принят: Не люблю
2025-11-19 18:51:42,570 INFO L3: выбран ответ: Без штампов (q=6)
2025-11-19 18:51:42,574 INFO Ответ (уровень 3) принят: Без штампов
2025-11-19 18:51:44,321 INFO L3: выбран ответ: Критично важны (q=7)
2025-11-19 18:51:44,327 INFO Ответ (уровень 3) принят: Критично важны
2025-11-19 18:56:19,831 INFO Модель инициализирована
2025-11-19 18:56:22,795 INFO L1: выбран ответ: Философская (q=0)
2025-11-19 18:56:22,799 INFO Синтезировано P(answer|subgenre) из жанров для ответа: Философская
2025-11-19 18:56:22,801 INFO Синтезировано P(answer|subgenre) из жанров для ответа: Философская
2025-11-19 18:56:22,803 INFO Синтезировано P(answer|book) из жанров/поджанров для ответа: Философская
2025-11-19 18:56:22,805 INFO Синтезировано P(answer|book) из жанров/поджанров для ответа: Философская
2025-11-19 18:56:22,807 INFO Ответ (уровень 1) принят: Философская
2025-11-19 18:56:24,672 INFO L1: выбран ответ: Вневременной (q=1)
2025-11-19 18:56:24,675 INFO Синтезировано P(answer|subgenre) из жанров для ответа: Вневременной
2025-11-19 18:56:24,677 INFO Синтезировано P(answer|subgenre) из жанров для ответа: Вневременной
2025-11-19 18:56:24,680 INFO Синтезировано P(answer|book) из жанров/поджанров для ответа: Вневременной
2025-11-19 18:56:24,681 INFO Синтезировано P(answer|book) из жанров/поджанров для ответа: Вневременной
2025-11-19 18:56:24,683 INFO Ответ (уровень 1) принят: Вневременной
2025-11-19 18:56:26,142 INFO L1: выбран ответ: Детективная литература (q=2)
2025-11-19 18:56:26,145 INFO Синтезировано P(answer|subgenre) из жанров для ответа: Детективная литература
2025-11-19 18:56:26,146 INFO Синтезировано P(answer|subgenre) из жанров для ответа: Детективная литература
2025-11-19 18:56:26,148 INFO Синтезировано P(answer|book) из жанров/поджанров для ответа: Детективная литература
2025-11-19 18:56:26,150 INFO Синтезировано P(answer|book) из жанров/поджанров для ответа: Детективная литература
2025-11-19 18:56:26,152 INFO Ответ (уровень 1) принят: Детективная литература
2025-11-19 18:56:27,865 INFO L1: выбран ответ: Низкая (q=3)
2025-11-19 18:56:27,868 INFO Синтезировано P(answer|subgenre) из жанров для ответа: Низкая
2025-11-19 18:56:27,869 INFO Синтезировано P(answer|subgenre) из жанров для ответа: Низкая
2025-11-19 18:56:27,871 INFO Синтезировано P(answer|book) из жанров/поджанров для ответа: Низкая
2025-11-19 18:56:27,873 INFO Синтезировано P(answer|book) из жанров/поджанров для ответа: Низкая
2025-11-19 18:56:27,874 INFO Ответ (уровень 1) принят: Низкая
2025-11-19 18:56:39,734 INFO L1: выбран ответ: Неравномерный (q=4)
2025-11-19 18:56:39,739 INFO Ответ (уровень 1) принят: Неравномерный
2025-11-19 18:56:40,722 INFO L1: выбран ответ: Напряжение (q=5)
2025-11-19 18:56:40,727 INFO Ответ (уровень 1) принят: Напряжение
2025-11-19 18:56:42,020 INFO L1: выбран ответ: Полный эскапизм (q=6)
2025-11-19 18:56:42,025 INFO Ответ (уровень 1) принят: Полный эскапизм
2025-11-19 18:56:42,848 INFO L1: выбран ответ: Ностальгическая (q=7)
2025-11-19 18:56:42,851 INFO Синтезировано P(answer|subgenre) из жанров для ответа: Ностальгическая
2025-11-19 18:56:42,852 INFO Синтезировано P(answer|subgenre) из жанров для ответа: Ностальгическая
2025-11-19 18:56:42,855 INFO Синтезировано P(answer|book) из жанров/поджанров для ответа: Ностальгическая
2025-11-19 18:56:42,856 INFO Синтезировано P(answer|book) из жанров/поджанров для ответа: Ностальгическая
2025-11-19 18:56:42,858 INFO Ответ (уровень 1) принят: Ностальгическая
2025-11-19 18:56:43,938 INFO L2: выбран ответ: Обычный человек (q=0)
2025-11-19 18:56:43,944 INFO Ответ (уровень 2) принят: Обычный человек
2025-11-19 19:09:43,472 INFO Модель инициализирована
2025-11-19 19:09:48,121 INFO L1: выбран ответ: Мрачная (q=0)
2025-11-19 19:09:48,124 INFO Синтезировано P(answer|subgenre) из жанров для ответа: Мрачная
2025-11-19 19:09:48,126 INFO Синтезировано P(answer|subgenre) из жанров для ответа: Мрачная
2025-11-19 19:09:48,128 INFO Синтезировано P(answer|book) из жанров/поджанров для ответа: Мрачная
2025-11-19 19:09:48,129 INFO Синтезировано P(answer|book) из жанров/поджанров для ответа: Мрачная
2025-11-19 19:09:48,131 INFO Ответ (уровень 1) принят: Мрачная
2025-11-19 19:09:57,988 INFO L1: выбран ответ: Исторический (q=1)
2025-11-19 19:09:57,990 INFO Синтезировано P(answer|subgenre) из жанров для ответа: Исторический
2025-11-19 19:09:57,992 INFO Синтезировано P(answer|subgenre) из жанров для ответа: Исторический
2025-11-19 19:09:57,994 INFO Синтезировано P(answer|book) из жанров/поджанров для ответа: Исторический
2025-11-19 19:09:57,995 INFO Синтезировано P(answer|book) из жанров/поджанров для ответа: Исторический
2025-11-19 19:09:57,997 INFO Ответ (уровень 1) принят: Исторический
2025-11-19 19:10:03,959 INFO L1: выбран ответ: Классическая литература (q=2)
2025-11-19 19:10:03,962 INFO Синтезировано P(answer|subgenre) из жанров для ответа: Классическая литература
2025-11-19 19:10:03,963 INFO Синтезировано P(answer|subgenre) из жанров для ответа: Классическая литература
2025-11-19 19:10:03,966 INFO Синтезировано P(answer|book) из жанров/поджанров для ответа: Классическая литература
2025-11-19 19:10:03,968 INFO Синтезировано P(answer|book) из жанров/поджанров для ответа: Классическая литература
2025-11-19 19:10:03,969 INFO Ответ (уровень 1) принят: Классическая литература
2025-11-19 19:10:16,425 INFO L1: выбран ответ: Высокая (q=3)
2025-11-19 19:10:16,428 INFO Синтезировано P(answer|subgenre) из жанров для ответа: Высокая
2025-11-19 19:10:16,430 INFO Синтезировано P(answer|subgenre) из жанров для ответа: Высокая
2025-11-19 19:10:16,432 INFO Синтезировано P(answer|book) из жанров/поджанров для ответа: Высокая
2025-11-19 19:10:16,434 INFO Синтезировано P(answer|book) из жанров/поджанров для ответа: Высокая
2025-11-19 19:10:16,435 INFO Ответ (уровень 1) принят: Высокая
2025-11-19 19:10:22,185 INFO L1: выбран ответ: Очень медленный (q=4)
2025-11-19 19:10:22,190 INFO Ответ (уровень 1) принят: Очень медленный
2025-11-19 19:10:27,527 INFO L1: выбран ответ: Идеи (q=5)
2025-11-19 19:10:27,533 INFO Ответ (уровень 1) принят: Идеи
2025-11-19 19:10:30,296 INFO L1: выбран ответ: Полный эскапизм (q=6)
2025-11-19 19:10:30,301 INFO Ответ (уровень 1) принят: Полный эскапизм
2025-11-19 19:10:32,283 INFO L1: выбран ответ: Воодушевляющая (q=7)
2025-11-19 19:10:32,286 INFO Синтезировано P(answer|subgenre) из жанров для ответа: Воодушевляющая
2025-11-19 19:10:32,288 INFO Синтезировано P(answer|subgenre) из жанров для ответа: Воодушевляющая
2025-11-19 19:10:32,290 INFO Синтезировано P(answer|book) из жанров/поджанров для ответа: Воодушевляющая
2025-11-19 19:10:32,291 INFO Синтезировано P(answer|book) из жанров/поджанров для ответа: Воодушевляющая
2025-11-19 19:10:32,293 INFO Ответ (уровень 1) принят: Воодушевляющая
2025-11-19 19:10:40,648 INFO L2: выбран ответ: Нетипичный персонаж (q=0)
2025-11-19 19:10:40,653 INFO Ответ (уровень 2) принят: Нетипичный персонаж
2025-11-19 19:10:46,378 INFO L2: выбран ответ: Поступательный (q=1)
2025-11-19 19:10:46,383 INFO Ответ (уровень 2) принят: Поступательный
2025-11-19 19:10:47,402 INFO L2: выбран ответ: Исторические (q=2)
2025-11-19 19:10:47,405 INFO Синтезировано P(answer|subgenre) из жанров для ответа: Исторические
2025-11-19 19:10:47,407 INFO Синтезировано P(answer|subgenre) из жанров для ответа: Исторические
2025-11-19 19:10:47,410 INFO Ответ (уровень 2) принят: Исторические
2025-11-19 19:10:48,130 INFO L2: выбран ответ: Ироничная (q=3)
2025-11-19 19:10:48,134 INFO Синтезировано P(answer|book) из жанров/поджанров для ответа: Ироничная
2025-11-19 19:10:48,136 INFO Синтезировано P(answer|book) из жанров/поджанров для ответа: Ироничная
2025-11-19 19:10:48,138 INFO Ответ (уровень 2) принят: Ироничная
2025-11-19 19:10:48,859 INFO L2: выбран ответ: Низкий (q=4)
2025-11-19 19:10:48,863 INFO Ответ (уровень 2) принят: Низкий
2025-11-19 19:10:50,109 INFO L2: выбран ответ: Мир (q=5)
2025-11-19 19:10:50,114 INFO Ответ (уровень 2) принят: Мир
2025-11-19 19:10:51,464 INFO L2: выбран ответ: Ироничный (q=6)
2025-11-19 19:10:51,469 INFO Ответ (уровень 2) принят: Ироничный
2025-11-19 19:10:52,952 INFO L2: выбран ответ: Третье лицо (q=7)
2025-11-19 19:10:52,958 INFO Ответ (уровень 2) принят: Третье лицо
2025-11-19 19:10:53,872 INFO L3: выбран ответ: Неоднозначный (q=0)
2025-11-19 19:10:53,878 INFO Ответ (уровень 3) принят: Неоднозначный
2025-11-19 19:10:54,693 INFO L3: выбран ответ: Не важна (q=1)
2025-11-19 19:10:54,698 INFO Ответ (уровень 3) принят: Не важна
2025-11-19 19:10:55,461 INFO L3: выбран ответ: Подростки (q=2)
2025-11-19 19:10:55,466 INFO Ответ (уровень 3) принят: Подростки
2025-11-19 19:10:57,896 INFO L3: выбран ответ: Миростроение (q=3)
2025-11-19 19:10:57,902 INFO Ответ (уровень 3) принят: Миростроение
2025-11-19 19:10:59,931 INFO L3: выбран ответ: 200–400 стр. (q=4)
2025-11-19 19:10:59,937 INFO Ответ (уровень 3) принят: 200–400 стр.
2025-11-19 19:11:01,193 INFO L3: выбран ответ: Не люблю (q=5)
2025-11-19 19:11:01,198 INFO Ответ (уровень 3) принят: Не люблю
2025-11-19 19:11:02,149 INFO L3: выбран ответ: Не принципиально (q=6)
2025-11-19 19:11:02,155 INFO Ответ (уровень 3) принят: Не принципиально
2025-11-19 19:11:03,139 INFO L3: выбран ответ: Необязательны (q=7)
2025-11-19 19:11:03,144 INFO Ответ (уровень 3) принят: Необязательны
2025-11-19 19:16:22,000 INFO Модель инициализирована
2025-11-19 19:16:27,498 INFO L1: выбран ответ: Светлая (q=0)
2025-11-19 19:16:27,504 INFO Скомбинировано P(answer|book) из явных связей и жанров/поджанров для ответа: Светлая
2025-11-19 19:16:27,506 INFO Скомбинировано P(answer|book) из явных связей и жанров/поджанров для ответа: Светлая
2025-11-19 19:16:27,508 INFO Ответ (уровень 1) принят: Светлая
2025-11-19 19:16:50,985 INFO L1: выбран ответ: XX век (q=1)
2025-11-19 19:16:50,988 INFO Синтезировано P(answer|subgenre) из жанров для ответа: XX век
2025-11-19 19:16:50,989 INFO Синтезировано P(answer|subgenre) из жанров для ответа: XX век
2025-11-19 19:16:50,992 INFO Скомбинировано P(answer|book) из явных связей и жанров/поджанров для ответа: XX век
2025-11-19 19:16:50,994 INFO Скомбинировано P(answer|book) из явных связей и жанров/поджанров для ответа: XX век
2025-11-19 19:16:50,996 INFO Ответ (уровень 1) принят: XX век
2025-11-19 19:17:09,487 INFO L1: выбран ответ: Романтика (q=2)
2025-11-19 19:17:09,490 INFO Синтезировано P(answer|subgenre) из жанров для ответа: Романтика
2025-11-19 19:17:09,492 INFO Синтезировано P(answer|subgenre) из жанров для ответа: Романтика
2025-11-19 19:17:09,494 INFO Скомбинировано P(answer|book) из явных связей и жанров/поджанров для ответа: Романтика
2025-11-19 19:17:09,496 INFO Скомбинировано P(answer|book) из явных связей и жанров/поджанров для ответа: Романтика
2025-11-19 19:17:09,498 INFO Ответ (уровень 1) принят: Романтика
2025-11-19 19:17:25,686 INFO L1: выбран ответ: Высокая (q=3)
2025-11-19 19:17:25,689 INFO Синтезировано P(answer|subgenre) из жанров для ответа: Высокая
2025-11-19 19:17:25,691 INFO Синтезировано P(answer|subgenre) из жанров для ответа: Высокая
2025-11-19 19:17:25,694 INFO Скомбинировано P(answer|book) из явных связей и жанров/поджанров для ответа: Высокая
2025-11-19 19:17:25,696 INFO Скомбинировано P(answer|book) из явных связей и жанров/поджанров для ответа: Высокая
2025-11-19 19:17:25,697 INFO Ответ (уровень 1) принят: Высокая
2025-11-19 19:17:34,256 INFO L1: выбран ответ: Умеренный (q=4)
2025-11-19 19:17:34,261 INFO Ответ (уровень 1) принят: Умеренный
2025-11-19 19:17:45,101 INFO L1: выбран ответ: Атмосфера (q=5)
2025-11-19 19:17:45,107 INFO Ответ (уровень 1) принят: Атмосфера
2025-11-19 19:17:51,181 INFO L1: выбран ответ: Смешение реализма и вымысла (q=6)
2025-11-19 19:17:51,187 INFO Ответ (уровень 1) принят: Смешение реализма и вымысла
2025-11-19 19:17:55,305 INFO L1: выбран ответ: Ностальгическая (q=7)
2025-11-19 19:17:55,308 INFO Синтезировано P(answer|subgenre) из жанров для ответа: Ностальгическая
2025-11-19 19:17:55,310 INFO Синтезировано P(answer|subgenre) из жанров для ответа: Ностальгическая
2025-11-19 19:17:55,313 INFO Скомбинировано P(answer|book) из явных связей и жанров/поджанров для ответа: Ностальгическая
2025-11-19 19:17:55,315 INFO Скомбинировано P(answer|book) из явных связей и жанров/поджанров для ответа: Ностальгическая
2025-11-19 19:17:55,318 INFO Ответ (уровень 1) принят: Ностальгическая
2025-11-19 19:18:00,969 INFO L2: вопрос пропущен (q=0)
2025-11-19 19:18:03,919 INFO L2: выбран ответ: Рваный (q=1)
2025-11-19 19:18:03,924 INFO Ответ (уровень 2) принят: Рваный
2025-11-19 19:18:06,247 INFO L2: выбран ответ: Реалистичные (q=2)
2025-11-19 19:18:06,250 INFO Синтезировано P(answer|subgenre) из жанров для ответа: Реалистичные
2025-11-19 19:18:06,251 INFO Синтезировано P(answer|subgenre) из жанров для ответа: Реалистичные
2025-11-19 19:18:06,254 INFO Скомбинировано P(answer|book) из явных связей и жанров/поджанров для ответа: Реалистичные
2025-11-19 19:18:06,256 INFO Скомбинировано P(answer|book) из явных связей и жанров/поджанров для ответа: Реалистичные
2025-11-19 19:18:06,257 INFO Ответ (уровень 2) принят: Реалистичные
2025-11-19 19:18:07,718 INFO L2: выбран ответ: Сатирическая (q=3)
2025-11-19 19:18:07,722 INFO Скомбинировано P(answer|book) из явных связей и жанров/поджанров для ответа: Сатирическая
2025-11-19 19:18:07,724 INFO Скомбинировано P(answer|book) из явных связей и жанров/поджанров для ответа: Сатирическая
2025-11-19 19:18:07,726 INFO Ответ (уровень 2) принят: Сатирическая
2025-11-19 19:18:08,481 INFO L2: выбран ответ: Низкий (q=4)
2025-11-19 19:18:08,487 INFO Ответ (уровень 2) принят: Низкий
2025-11-19 19:18:09,222 INFO L2: выбран ответ: Мир (q=5)
2025-11-19 19:18:09,227 INFO Ответ (уровень 2) принят: Мир
2025-11-19 19:18:10,831 INFO L2: выбран ответ: Лиричный (q=6)
2025-11-19 19:18:10,836 INFO Ответ (уровень 2) принят: Лиричный
2025-11-19 19:18:14,085 INFO L2: выбран ответ: Сменяемые перспективы (q=7)
2025-11-19 19:18:14,090 INFO Скомбинировано P(answer|book) из явных связей и жанров/поджанров для ответа: Сменяемые перспективы
2025-11-19 19:18:14,092 INFO Ответ (уровень 2) принят: Сменяемые перспективы
2025-11-19 19:18:30,555 INFO L3: выбран ответ: Открытый (q=0)
2025-11-19 19:18:30,561 INFO Ответ (уровень 3) принят: Открытый
2025-11-19 19:18:36,789 INFO L3: выбран ответ: Критически важна (q=1)
2025-11-19 19:18:36,795 INFO Ответ (уровень 3) принят: Критически важна
2025-11-19 19:18:44,816 INFO L3: выбран ответ: Дети (q=2)
2025-11-19 19:18:44,821 INFO Ответ (уровень 3) принят: Дети
2025-11-19 19:18:52,114 INFO L3: выбран ответ: Стиль (q=3)
2025-11-19 19:18:52,119 INFO Ответ (уровень 3) принят: Стиль
2025-11-19 19:18:57,333 INFO L3: выбран ответ: 200–400 стр. (q=4)
2025-11-19 19:18:57,339 INFO Ответ (уровень 3) принят: 200–400 стр.
2025-11-19 19:19:08,221 INFO L3: выбран ответ: Только ирония (q=5)
2025-11-19 19:19:08,226 INFO Ответ (уровень 3) принят: Только ирония
2025-11-19 19:19:10,032 INFO L3: выбран ответ: Не принципиально (q=6)
2025-11-19 19:19:10,038 INFO Ответ (уровень 3) принят: Не принципиально
2025-11-19 19:19:11,771 INFO L3: выбран ответ: Необязательны (q=7)
2025-11-19 19:19:11,777 INFO Ответ (уровень 3) принят: Необязательны
2025-11-19 19:27:23,026 INFO Модель инициализирована
2025-11-19 19:27:34,747 INFO L1: выбран ответ: Приключенческая (q=0)
2025-11-19 19:27:34,751 INFO Синтезировано P(answer|subgenre) из жанров для ответа: Приключенческая
2025-11-19 19:27:34,752 INFO Синтезировано P(answer|subgenre) из жанров для ответа: Приключенческая
2025-11-19 19:27:34,755 INFO Скомбинировано P(answer|book) из явных связей и жанров/поджанров для ответа: Приключенческая
2025-11-19 19:27:34,756 INFO Скомбинировано P(answer|book) из явных связей и жанров/поджанров для ответа: Приключенческая
2025-11-19 19:27:34,758 INFO Ответ (уровень 1) принят: Приключенческая
2025-11-19 19:27:37,473 INFO L1: выбран ответ: Футуристический (q=1)
2025-11-19 19:27:37,475 INFO Синтезировано P(answer|subgenre) из жанров для ответа: Футуристический
2025-11-19 19:27:37,477 INFO Синтезировано P(answer|subgenre) из жанров для ответа: Футуристический
2025-11-19 19:27:37,479 INFO Скомбинировано P(answer|book) из явных связей и жанров/поджанров для ответа: Футуристический
2025-11-19 19:27:37,480 INFO Скомбинировано P(answer|book) из явных связей и жанров/поджанров для ответа: Футуристический
2025-11-19 19:27:37,482 INFO Ответ (уровень 1) принят: Футуристический
2025-11-19 19:27:42,139 INFO L1: выбран ответ: Научная фантастика (q=2)
2025-11-19 19:27:42,141 INFO Синтезировано P(answer|subgenre) из жанров для ответа: Научная фантастика
2025-11-19 19:27:42,143 INFO Синтезировано P(answer|subgenre) из жанров для ответа: Научная фантастика
2025-11-19 19:27:42,145 INFO Скомбинировано P(answer|book) из явных связей и жанров/поджанров для ответа: Научная фантастика
2025-11-19 19:27:42,147 INFO Скомбинировано P(answer|book) из явных связей и жанров/поджанров для ответа: Научная фантастика
2025-11-19 19:27:42,148 INFO Ответ (уровень 1) принят: Научная фантастика
2025-11-19 19:27:44,794 INFO L1: выбран ответ: Высокая (q=3)
2025-11-19 19:27:44,796 INFO Синтезировано P(answer|subgenre) из жанров для ответа: Высокая
2025-11-19 19:27:44,798 INFO Синтезировано P(answer|subgenre) из жанров для ответа: Высокая
2025-11-19 19:27:44,800 INFO Скомбинировано P(answer|book) из явных связей и жанров/поджанров для ответа: Высокая
2025-11-19 19:27:44,802 INFO Скомбинировано P(answer|book) из явных связей и жанров/поджанров для ответа: Высокая
2025-11-19 19:27:44,803 INFO Ответ (уровень 1) принят: Высокая
